// Jest Snapshot v1, https://goo.gl/fbAQLP

exports[`Note component renders the Nav 1`] = `
<nav
  className="Nav"
>
  <Link
    className="remynder nav-link"
    to="/"
  >
    Remynder
  </Link>
  <Link
    className="register Header"
    to="/SignUpForm"
  >
    Register
  </Link>
  <Link
    className="register"
    to="/ReturningUser"
  >
    Login
  </Link>
</nav>
`;
