// Jest Snapshot v1, https://goo.gl/fbAQLP

exports[`NotePage component renders the NotePage 1`] = `
<main
  className="note-page-container"
  role="main"
>
  <header
    role="banner"
  >
    <h1>
      Your Remynders
    </h1>
  </header>
  <div />
  <section
    className="create-new-reminder"
  >
    <h2
      className="create-new-reminder-heading"
    >
      Create New Remynder
    </h2>
    <Link
      to="/AddNote"
    >
      <button
        className="new-reminder-button"
      >
        New Remynder
        <FontAwesomeIcon
          border={false}
          className="button-icon"
          fixedWidth={false}
          flip={null}
          icon="plus-circle"
          inverse={false}
          listItem={false}
          mask={null}
          pull={null}
          pulse={false}
          rotation={null}
          size={null}
          spin={false}
          swapOpacity={false}
          symbol={false}
          title=""
          transform={null}
        />
      </button>
    </Link>
  </section>
  <section
    className="NoteList"
  >
    <ul
      className="notes-container"
    />
  </section>
</main>
`;
