// Jest Snapshot v1, https://goo.gl/fbAQLP

exports[`NoteContent component renders the NoteContent 1`] = `
<div
  className="NoteContentPage"
>
  <div
    className="Note_title"
  />
  <h4
    className="NoteContent"
  />
  <div
    className="Note__dates"
  >
    <div
      className="Note__dates-created"
    >
      Created:
       
      <span
        className="Date"
      >
        Apr 20th 2020
      </span>
    </div>
  </div>
  <p>
    Remynder: Every 
     hours
  </p>
  <Link
    to="/NotePage"
  >
    <button
      className="back-button"
    >
      <FontAwesomeIcon
        border={false}
        className="back-button-icon"
        fixedWidth={false}
        flip={null}
        icon="angle-double-left"
        inverse={false}
        listItem={false}
        mask={null}
        pull={null}
        pulse={false}
        rotation={null}
        size={null}
        spin={false}
        swapOpacity={false}
        symbol={false}
        title=""
        transform={null}
      />
      Back
    </button>
  </Link>
</div>
`;
